------------------------------------------------------------
TimeQuest Timing Analyzer Summary
------------------------------------------------------------

Type  : Slow 1200mV 85C Model Setup 'CLOCK_50'
Slack : -14.302
TNS   : -13864.075

Type  : Slow 1200mV 85C Model Setup 'I2C_Config:inst2|mI2C_CTRL_CLK'
Slack : -1.980
TNS   : -79.775

Type  : Slow 1200mV 85C Model Setup 'audio_clock:inst3|AUD_BCK'
Slack : -1.476
TNS   : -37.858

Type  : Slow 1200mV 85C Model Setup 'inst1|altpll_component|pll|clk[1]'
Slack : -0.780
TNS   : -0.780

Type  : Slow 1200mV 85C Model Hold 'audio_clock:inst3|AUD_BCK'
Slack : -1.704
TNS   : -50.115

Type  : Slow 1200mV 85C Model Hold 'CLOCK_50'
Slack : -1.294
TNS   : -3.675

Type  : Slow 1200mV 85C Model Hold 'inst1|altpll_component|pll|clk[1]'
Slack : -0.131
TNS   : -0.131

Type  : Slow 1200mV 85C Model Hold 'I2C_Config:inst2|mI2C_CTRL_CLK'
Slack : 0.406
TNS   : 0.000

Type  : Slow 1200mV 85C Model Recovery 'inst1|altpll_component|pll|clk[1]'
Slack : -4.677
TNS   : -65.478

Type  : Slow 1200mV 85C Model Removal 'inst1|altpll_component|pll|clk[1]'
Slack : 3.580
TNS   : 0.000

Type  : Slow 1200mV 85C Model Minimum Pulse Width 'CLOCK_50'
Slack : -3.000
TNS   : -4152.119

Type  : Slow 1200mV 85C Model Minimum Pulse Width 'I2C_Config:inst2|mI2C_CTRL_CLK'
Slack : -1.285
TNS   : -59.110

Type  : Slow 1200mV 85C Model Minimum Pulse Width 'audio_clock:inst3|AUD_BCK'
Slack : -1.285
TNS   : -46.260

Type  : Slow 1200mV 85C Model Minimum Pulse Width 'CLOCK_27'
Slack : 18.413
TNS   : 0.000

Type  : Slow 1200mV 85C Model Minimum Pulse Width 'inst1|altpll_component|pll|clk[1]'
Slack : 27.477
TNS   : 0.000

Type  : Slow 1200mV 0C Model Setup 'CLOCK_50'
Slack : -13.027
TNS   : -12508.957

Type  : Slow 1200mV 0C Model Setup 'I2C_Config:inst2|mI2C_CTRL_CLK'
Slack : -1.679
TNS   : -68.008

Type  : Slow 1200mV 0C Model Setup 'audio_clock:inst3|AUD_BCK'
Slack : -1.265
TNS   : -31.776

Type  : Slow 1200mV 0C Model Setup 'inst1|altpll_component|pll|clk[1]'
Slack : -0.593
TNS   : -0.593

Type  : Slow 1200mV 0C Model Hold 'audio_clock:inst3|AUD_BCK'
Slack : -1.379
TNS   : -40.562

Type  : Slow 1200mV 0C Model Hold 'CLOCK_50'
Slack : -1.104
TNS   : -3.062

Type  : Slow 1200mV 0C Model Hold 'inst1|altpll_component|pll|clk[1]'
Slack : -0.236
TNS   : -0.236

Type  : Slow 1200mV 0C Model Hold 'I2C_Config:inst2|mI2C_CTRL_CLK'
Slack : 0.355
TNS   : 0.000

Type  : Slow 1200mV 0C Model Recovery 'inst1|altpll_component|pll|clk[1]'
Slack : -4.123
TNS   : -57.722

Type  : Slow 1200mV 0C Model Removal 'inst1|altpll_component|pll|clk[1]'
Slack : 3.146
TNS   : 0.000

Type  : Slow 1200mV 0C Model Minimum Pulse Width 'CLOCK_50'
Slack : -3.000
TNS   : -4101.607

Type  : Slow 1200mV 0C Model Minimum Pulse Width 'I2C_Config:inst2|mI2C_CTRL_CLK'
Slack : -1.285
TNS   : -59.110

Type  : Slow 1200mV 0C Model Minimum Pulse Width 'audio_clock:inst3|AUD_BCK'
Slack : -1.285
TNS   : -46.260

Type  : Slow 1200mV 0C Model Minimum Pulse Width 'CLOCK_27'
Slack : 18.423
TNS   : 0.000

Type  : Slow 1200mV 0C Model Minimum Pulse Width 'inst1|altpll_component|pll|clk[1]'
Slack : 27.480
TNS   : 0.000

Type  : Fast 1200mV 0C Model Setup 'CLOCK_50'
Slack : -6.464
TNS   : -5971.414

Type  : Fast 1200mV 0C Model Setup 'inst1|altpll_component|pll|clk[1]'
Slack : -0.506
TNS   : -0.506

Type  : Fast 1200mV 0C Model Setup 'I2C_Config:inst2|mI2C_CTRL_CLK'
Slack : -0.466
TNS   : -15.219

Type  : Fast 1200mV 0C Model Setup 'audio_clock:inst3|AUD_BCK'
Slack : -0.210
TNS   : -2.473

Type  : Fast 1200mV 0C Model Hold 'audio_clock:inst3|AUD_BCK'
Slack : -1.238
TNS   : -36.976

Type  : Fast 1200mV 0C Model Hold 'CLOCK_50'
Slack : -0.897
TNS   : -2.773

Type  : Fast 1200mV 0C Model Hold 'inst1|altpll_component|pll|clk[1]'
Slack : -0.043
TNS   : -0.043

Type  : Fast 1200mV 0C Model Hold 'I2C_Config:inst2|mI2C_CTRL_CLK'
Slack : 0.183
TNS   : 0.000

Type  : Fast 1200mV 0C Model Recovery 'inst1|altpll_component|pll|clk[1]'
Slack : -2.515
TNS   : -35.210

Type  : Fast 1200mV 0C Model Removal 'inst1|altpll_component|pll|clk[1]'
Slack : 1.836
TNS   : 0.000

Type  : Fast 1200mV 0C Model Minimum Pulse Width 'CLOCK_50'
Slack : -3.000
TNS   : -2165.225

Type  : Fast 1200mV 0C Model Minimum Pulse Width 'I2C_Config:inst2|mI2C_CTRL_CLK'
Slack : -1.000
TNS   : -46.000

Type  : Fast 1200mV 0C Model Minimum Pulse Width 'audio_clock:inst3|AUD_BCK'
Slack : -1.000
TNS   : -36.000

Type  : Fast 1200mV 0C Model Minimum Pulse Width 'CLOCK_27'
Slack : 18.094
TNS   : 0.000

Type  : Fast 1200mV 0C Model Minimum Pulse Width 'inst1|altpll_component|pll|clk[1]'
Slack : 27.551
TNS   : 0.000

------------------------------------------------------------
