------------------------------------------------------------
TimeQuest Timing Analyzer Summary
------------------------------------------------------------

Type  : Slow 1200mV 85C Model Setup 'CLOCK_50'
Slack : -4.283
TNS   : -384.494

Type  : Slow 1200mV 85C Model Setup 'I2C_Config:inst2|mI2C_CTRL_CLK'
Slack : -2.183
TNS   : -82.002

Type  : Slow 1200mV 85C Model Setup 'audio_clock:inst3|AUD_BCK'
Slack : -1.339
TNS   : -38.931

Type  : Slow 1200mV 85C Model Setup 'inst1|altpll_component|pll|clk[1]'
Slack : -0.759
TNS   : -0.759

Type  : Slow 1200mV 85C Model Hold 'audio_clock:inst3|AUD_BCK'
Slack : -1.586
TNS   : -45.311

Type  : Slow 1200mV 85C Model Hold 'CLOCK_50'
Slack : -1.134
TNS   : -3.281

Type  : Slow 1200mV 85C Model Hold 'inst1|altpll_component|pll|clk[1]'
Slack : -0.152
TNS   : -0.152

Type  : Slow 1200mV 85C Model Hold 'I2C_Config:inst2|mI2C_CTRL_CLK'
Slack : 0.388
TNS   : 0.000

Type  : Slow 1200mV 85C Model Recovery 'inst1|altpll_component|pll|clk[1]'
Slack : -4.688
TNS   : -63.553

Type  : Slow 1200mV 85C Model Removal 'inst1|altpll_component|pll|clk[1]'
Slack : 3.359
TNS   : 0.000

Type  : Slow 1200mV 85C Model Minimum Pulse Width 'CLOCK_50'
Slack : -3.000
TNS   : -215.025

Type  : Slow 1200mV 85C Model Minimum Pulse Width 'I2C_Config:inst2|mI2C_CTRL_CLK'
Slack : -1.285
TNS   : -59.110

Type  : Slow 1200mV 85C Model Minimum Pulse Width 'audio_clock:inst3|AUD_BCK'
Slack : -1.285
TNS   : -46.260

Type  : Slow 1200mV 85C Model Minimum Pulse Width 'CLOCK_27'
Slack : 18.413
TNS   : 0.000

Type  : Slow 1200mV 85C Model Minimum Pulse Width 'inst1|altpll_component|pll|clk[1]'
Slack : 27.478
TNS   : 0.000

Type  : Slow 1200mV 0C Model Setup 'CLOCK_50'
Slack : -3.801
TNS   : -336.540

Type  : Slow 1200mV 0C Model Setup 'I2C_Config:inst2|mI2C_CTRL_CLK'
Slack : -1.909
TNS   : -70.592

Type  : Slow 1200mV 0C Model Setup 'audio_clock:inst3|AUD_BCK'
Slack : -1.137
TNS   : -32.127

Type  : Slow 1200mV 0C Model Setup 'inst1|altpll_component|pll|clk[1]'
Slack : -0.572
TNS   : -0.572

Type  : Slow 1200mV 0C Model Hold 'audio_clock:inst3|AUD_BCK'
Slack : -1.281
TNS   : -36.131

Type  : Slow 1200mV 0C Model Hold 'CLOCK_50'
Slack : -0.900
TNS   : -2.624

Type  : Slow 1200mV 0C Model Hold 'inst1|altpll_component|pll|clk[1]'
Slack : -0.257
TNS   : -0.257

Type  : Slow 1200mV 0C Model Hold 'I2C_Config:inst2|mI2C_CTRL_CLK'
Slack : 0.339
TNS   : 0.000

Type  : Slow 1200mV 0C Model Recovery 'inst1|altpll_component|pll|clk[1]'
Slack : -4.134
TNS   : -56.013

Type  : Slow 1200mV 0C Model Removal 'inst1|altpll_component|pll|clk[1]'
Slack : 2.945
TNS   : 0.000

Type  : Slow 1200mV 0C Model Minimum Pulse Width 'CLOCK_50'
Slack : -3.000
TNS   : -215.025

Type  : Slow 1200mV 0C Model Minimum Pulse Width 'I2C_Config:inst2|mI2C_CTRL_CLK'
Slack : -1.285
TNS   : -59.110

Type  : Slow 1200mV 0C Model Minimum Pulse Width 'audio_clock:inst3|AUD_BCK'
Slack : -1.285
TNS   : -46.260

Type  : Slow 1200mV 0C Model Minimum Pulse Width 'CLOCK_27'
Slack : 18.423
TNS   : 0.000

Type  : Slow 1200mV 0C Model Minimum Pulse Width 'inst1|altpll_component|pll|clk[1]'
Slack : 27.469
TNS   : 0.000

Type  : Fast 1200mV 0C Model Setup 'CLOCK_50'
Slack : -1.574
TNS   : -110.523

Type  : Fast 1200mV 0C Model Setup 'I2C_Config:inst2|mI2C_CTRL_CLK'
Slack : -0.522
TNS   : -16.102

Type  : Fast 1200mV 0C Model Setup 'inst1|altpll_component|pll|clk[1]'
Slack : -0.485
TNS   : -0.485

Type  : Fast 1200mV 0C Model Setup 'audio_clock:inst3|AUD_BCK'
Slack : -0.184
TNS   : -3.116

Type  : Fast 1200mV 0C Model Hold 'audio_clock:inst3|AUD_BCK'
Slack : -1.094
TNS   : -33.302

Type  : Fast 1200mV 0C Model Hold 'CLOCK_50'
Slack : -0.788
TNS   : -2.559

Type  : Fast 1200mV 0C Model Hold 'inst1|altpll_component|pll|clk[1]'
Slack : -0.065
TNS   : -0.065

Type  : Fast 1200mV 0C Model Hold 'I2C_Config:inst2|mI2C_CTRL_CLK'
Slack : 0.175
TNS   : 0.000

Type  : Fast 1200mV 0C Model Recovery 'inst1|altpll_component|pll|clk[1]'
Slack : -2.519
TNS   : -34.375

Type  : Fast 1200mV 0C Model Removal 'inst1|altpll_component|pll|clk[1]'
Slack : 1.718
TNS   : 0.000

Type  : Fast 1200mV 0C Model Minimum Pulse Width 'CLOCK_50'
Slack : -3.000
TNS   : -177.551

Type  : Fast 1200mV 0C Model Minimum Pulse Width 'I2C_Config:inst2|mI2C_CTRL_CLK'
Slack : -1.000
TNS   : -46.000

Type  : Fast 1200mV 0C Model Minimum Pulse Width 'audio_clock:inst3|AUD_BCK'
Slack : -1.000
TNS   : -36.000

Type  : Fast 1200mV 0C Model Minimum Pulse Width 'CLOCK_27'
Slack : 18.094
TNS   : 0.000

Type  : Fast 1200mV 0C Model Minimum Pulse Width 'inst1|altpll_component|pll|clk[1]'
Slack : 27.549
TNS   : 0.000

------------------------------------------------------------
